0
#S(glob-t pathc 5 pathv #<carray 5 #<ffi-type str>> reserve 0)
#("tests/001/query-1.txr" "tests/001/query-2.txr" "tests/001/query-3.txr"
  "tests/001/query-4.txr" "tests/001/query-5.txr")
