no match for 09-10-20
match: year 2009, month 10, day 20
no match for July-15-2014
no match for foo
match: year 2021, month 06, day 16, foo:bar
