bar="BAR"
zzy="ZZY"
next="NEXT"
nextnext="NEXTNEXT"
