close called, count 2
close called, count 1
40
close called, count 2
close called, count 1
40
