#S(fox) created
#S(bear) created
inside with-object
#S(bear) finalized
#S(fox) finalized
