419341993
1818026447
3020103184
3141358934
187862696
512541134
1416267688
4256491982
731233432
1852014262
1248293699
206481201
750755084
1094637740
2806919360
2752871950
