(foo :init)
(foo :postinit)
(foo foo)
(foo bar)
(foo :fini)
(foo :postfini)
function
function2
mac
(foo :init)
(foo :postinit)
(foo foo)
(foo bar)
(foo :fini)
(foo :postfini)
function
function2
mac
